Content-Type: text/plain; charset="utf-8"
MIME-Version: 1.0
Content-Transfer-Encoding: 8bit
Subject: =?utf-8?q?=C2=A1Bienvenido_al_Sistema_de_Electrolineras!?=
From: webmaster@localhost
To: agosto@agosto.com
Date: Sat, 24 May 2025 05:41:25 -0000
Message-ID: <174806528597.3284.15875160140315536013@PCJULIO>

¡Hola agosto!

¡Bienvenido al Sistema de Gestión de Electrolineras!

Tu cuenta ha sido creada exitosamente. Ya puedes iniciar sesión y comenzar a:
- Localizar puntos de recarga en el mapa
- Realizar reservas de puntos de carga
- Gestionar tus sesiones de carga
- Actualizar tu perfil personal

Datos de tu cuenta:
- Usuario: agosto
- Email: agosto@agosto.com

¡Gracias por unirte a nosotros!

Equipo del Sistema de Electrolineras
-------------------------------------------------------------------------------
